~/mysite $ python3 manage.py test cs373/tests/
Creating test database for alias 'default'...
..............................
--------------------------------------------------------
Ran 47 tests in 1.920s

OK
Destroying test database for alias 'default'...
